[0719/160115:ERROR:process_info.cc(608)] range at 0xfece6000, size 0x230 fully unreadable
[0719/160115:ERROR:process_info.cc(608)] range at 0xfeffd000, size 0x230 fully unreadable
[0719/160116:ERROR:process_info.cc(608)] range at 0xff9cb000, size 0x230 fully unreadable
[0719/160117:ERROR:process_reader_win.cc(141)] SuspendThread: Access is denied. (0x5)
[0719/160117:ERROR:exception_snapshot_win.cc(57)] thread ID 6580 not found in process
[0719/160117:WARNING:crash_report_exception_handler.cc(60)] ProcessSnapshotWin::InitializeException failed
[0723/020500:ERROR:file_io.cc(30)] read: expected 4, observed 0
[0727/000434:ERROR:process_info.cc(608)] range at 0xff29e000, size 0x230 fully unreadable
[0727/000435:ERROR:process_reader_win.cc(232)] ReadMemory at 0x75ba34bc of 28 bytes failed: Only part of a ReadProcessMemory or WriteProcessMemory request was completed. (0x12B)
[0727/000435:WARNING:pe_image_reader.cc(134)] could not read data directory from C:\Windows\SYSTEM32\SHELL32.dll
[0727/000435:ERROR:process_reader_win.cc(232)] ReadMemory at 0x74360000 of 64 bytes failed: Only part of a ReadProcessMemory or WriteProcessMemory request was completed. (0x12B)
[0727/000435:WARNING:pe_image_reader.cc(280)] could not read dos header from C:\Windows\SYSTEM32\shcore.dll
[0727/000435:ERROR:process_reader_win.cc(232)] ReadMemory at 0x76f80000 of 64 bytes failed: Only part of a ReadProcessMemory or WriteProcessMemory request was completed. (0x12B)
[0727/000435:WARNING:pe_image_reader.cc(280)] could not read dos header from C:\Windows\SYSTEM32\PSAPI.DLL
[0727/000435:ERROR:process_reader_win.cc(232)] ReadMemory at 0x72000000 of 64 bytes failed: Only part of a ReadProcessMemory or WriteProcessMemory request was completed. (0x12B)
[0727/000435:WARNING:pe_image_reader.cc(280)] could not read dos header from C:\Windows\SYSTEM32\WINSPOOL.DRV
[0727/000435:ERROR:process_reader_win.cc(232)] ReadMemory at 0x6ff30000 of 64 bytes failed: Only part of a ReadProcessMemory or WriteProcessMemory request was completed. (0x12B)
[0727/000435:WARNING:pe_image_reader.cc(280)] could not read dos header from C:\Windows\WinSxS\x86_microsoft.windows.common-controls_6595b64144ccf1df_6.0.9600.18006_none_a9ec6aab013aafee\COMCTL32.dll
[0727/000435:ERROR:process_reader_win.cc(232)] ReadMemory at 0x766c0000 of 64 bytes failed: Only part of a ReadProcessMemory or WriteProcessMemory request was completed. (0x12B)
[0727/000435:WARNING:pe_image_reader.cc(280)] could not read dos header from C:\Windows\SYSTEM32\COMDLG32.dll
[0727/000435:ERROR:process_reader_win.cc(232)] ReadMemory at 0x76750000 of 64 bytes failed: Only part of a ReadProcessMemory or WriteProcessMemory request was completed. (0x12B)
[0727/000435:WARNING:pe_image_reader.cc(280)] could not read dos header from C:\Windows\SYSTEM32\ole32.dll
[0727/000435:ERROR:process_reader_win.cc(232)] ReadMemory at 0x75110000 of 64 bytes failed: Only part of a ReadProcessMemory or WriteProcessMemory request was completed. (0x12B)
[0727/000435:WARNING:pe_image_reader.cc(280)] could not read dos header from C:\Windows\SYSTEM32\OLEAUT32.dll
[0727/000435:ERROR:process_reader_win.cc(232)] ReadMemory at 0x74f80000 of 64 bytes failed: Only part of a ReadProcessMemory or WriteProcessMemory request was completed. (0x12B)
[0727/000435:WARNING:pe_image_reader.cc(280)] could not read dos header from C:\Windows\SYSTEM32\NSI.dll
[0727/000435:ERROR:process_reader_win.cc(232)] ReadMemory at 0x74420000 of 64 bytes failed: Only part of a ReadProcessMemory or WriteProcessMemory request was completed. (0x12B)
[0727/000435:WARNING:pe_image_reader.cc(280)] could not read dos header from C:\Windows\SYSTEM32\WINNSI.DLL
[0727/000435:ERROR:process_reader_win.cc(232)] ReadMemory at 0x744f0000 of 64 bytes failed: Only part of a ReadProcessMemory or WriteProcessMemory request was completed. (0x12B)
[0727/000435:WARNING:pe_image_reader.cc(280)] could not read dos header from C:\Windows\SYSTEM32\IPHLPAPI.DLL
[0727/000435:ERROR:process_reader_win.cc(232)] ReadMemory at 0x751c0000 of 64 bytes failed: Only part of a ReadProcessMemory or WriteProcessMemory request was completed. (0x12B)
[0727/000435:WARNING:pe_image_reader.cc(280)] could not read dos header from C:\Windows\SYSTEM32\WS2_32.dll
[0727/000435:ERROR:process_reader_win.cc(232)] ReadMemory at 0x712d0000 of 64 bytes failed: Only part of a ReadProcessMemory or WriteProcessMemory request was completed. (0x12B)
[0727/000435:WARNING:pe_image_reader.cc(280)] could not read dos header from C:\Windows\SYSTEM32\USP10.dll
[0727/000435:ERROR:process_reader_win.cc(232)] ReadMemory at 0x76dc0000 of 64 bytes failed: Only part of a ReadProcessMemory or WriteProcessMemory request was completed. (0x12B)
[0727/000435:WARNING:pe_image_reader.cc(280)] could not read dos header from C:\Windows\SYSTEM32\MSASN1.dll
[0727/000435:ERROR:process_reader_win.cc(232)] ReadMemory at 0x74f90000 of 64 bytes failed: Only part of a ReadProcessMemory or WriteProcessMemory request was completed. (0x12B)
[0727/000435:WARNING:pe_image_reader.cc(280)] could not read dos header from C:\Windows\SYSTEM32\CRYPT32.dll
[0727/000435:ERROR:process_reader_win.cc(232)] ReadMemory at 0x76b00000 of 64 bytes failed: Only part of a ReadProcessMemory or WriteProcessMemory request was completed. (0x12B)
[0727/000435:WARNING:pe_image_reader.cc(280)] could not read dos header from C:\Windows\SYSTEM32\WINTRUST.dll
[0727/000435:ERROR:process_reader_win.cc(232)] ReadMemory at 0x72e40000 of 64 bytes failed: Only part of a ReadProcessMemory or WriteProcessMemory request was completed. (0x12B)
[0727/000435:WARNING:pe_image_reader.cc(280)] could not read dos header from C:\Windows\SYSTEM32\Secur32.dll
[0727/000435:ERROR:process_reader_win.cc(232)] ReadMemory at 0x62600000 of 64 bytes failed: Only part of a ReadProcessMemory or WriteProcessMemory request was completed. (0x12B)
[0727/000435:WARNING:pe_image_reader.cc(280)] could not read dos header from C:\Program Files (x86)\Google\Chrome\Application\51.0.2704.103\chrome_child.dll
[0727/000435:ERROR:process_reader_win.cc(232)] ReadMemory at 0x717c0000 of 64 bytes failed: Only part of a ReadProcessMemory or WriteProcessMemory request was completed. (0x12B)
[0727/000435:WARNING:pe_image_reader.cc(280)] could not read dos header from C:\Program Files\AVAST Software\Avast\aswJsFlt.dll
[0727/000435:ERROR:process_reader_win.cc(232)] ReadMemory at 0x73c90000 of 64 bytes failed: Only part of a ReadProcessMemory or WriteProcessMemory request was completed. (0x12B)
[0727/000435:WARNING:pe_image_reader.cc(280)] could not read dos header from C:\Windows\WinSxS\x86_avast.vc110.crt_2036b14a11e83e4a_11.0.60610.1_none_1d37a43bbfe1dc9c\MSVCR110.dll
[0727/000435:ERROR:process_reader_win.cc(232)] ReadMemory at 0x73900000 of 64 bytes failed: Only part of a ReadProcessMemory or WriteProcessMemory request was completed. (0x12B)
[0727/000435:WARNING:pe_image_reader.cc(280)] could not read dos header from C:\PROGRA~1\AVASTS~1\Avast\aswCmnIS.dll
[0727/000435:ERROR:process_reader_win.cc(232)] ReadMemory at 0x73d70000 of 64 bytes failed: Only part of a ReadProcessMemory or WriteProcessMemory request was completed. (0x12B)
[0727/000435:WARNING:pe_image_reader.cc(280)] could not read dos header from C:\Windows\WinSxS\x86_avast.vc110.crt_2036b14a11e83e4a_11.0.60610.1_none_1d37a43bbfe1dc9c\MSVCP110.dll
[0727/000435:ERROR:process_reader_win.cc(232)] ReadMemory at 0x73830000 of 64 bytes failed: Only part of a ReadProcessMemory or WriteProcessMemory request was completed. (0x12B)
[0727/000435:WARNING:pe_image_reader.cc(280)] could not read dos header from C:\PROGRA~1\AVASTS~1\Avast\aswCmnOS.dll
[0727/000435:ERROR:process_reader_win.cc(232)] ReadMemory at 0x742e0000 of 64 bytes failed: Only part of a ReadProcessMemory or WriteProcessMemory request was completed. (0x12B)
[0727/000435:WARNING:pe_image_reader.cc(280)] could not read dos header from C:\PROGRA~1\AVASTS~1\Avast\aswCmnBS.dll
[0727/000435:ERROR:process_reader_win.cc(232)] ReadMemory at 0x73f90000 of 64 bytes failed: Only part of a ReadProcessMemory or WriteProcessMemory request was completed. (0x12B)
[0727/000435:WARNING:pe_image_reader.cc(280)] could not read dos header from C:\Windows\SYSTEM32\netutils.dll
[0727/000435:ERROR:process_reader_win.cc(232)] ReadMemory at 0x730a0000 of 64 bytes failed: Only part of a ReadProcessMemory or WriteProcessMemory request was completed. (0x12B)
[0727/000435:WARNING:pe_image_reader.cc(280)] could not read dos header from C:\Windows\SYSTEM32\srvcli.dll
[0727/000435:ERROR:process_reader_win.cc(232)] ReadMemory at 0x73960000 of 64 bytes failed: Only part of a ReadProcessMemory or WriteProcessMemory request was completed. (0x12B)
[0727/000435:WARNING:pe_image_reader.cc(280)] could not read dos header from C:\Windows\SYSTEM32\wkscli.dll
[0727/000435:ERROR:process_reader_win.cc(232)] ReadMemory at 0x73870000 of 64 bytes failed: Only part of a ReadProcessMemory or WriteProcessMemory request was completed. (0x12B)
[0727/000435:WARNING:pe_image_reader.cc(280)] could not read dos header from C:\Windows\SYSTEM32\NETAPI32.dll
[0727/000435:ERROR:process_reader_win.cc(232)] ReadMemory at 0x742a0000 of 64 bytes failed: Only part of a ReadProcessMemory or WriteProcessMemory request was completed. (0x12B)
[0727/000435:WARNING:pe_image_reader.cc(280)] could not read dos header from C:\PROGRA~1\AVASTS~1\Avast\log.dll
[0727/000435:ERROR:process_reader_win.cc(232)] ReadMemory at 0x74510000 of 64 bytes failed: Only part of a ReadProcessMemory or WriteProcessMemory request was completed. (0x12B)
[0727/000435:WARNING:pe_image_reader.cc(280)] could not read dos header from C:\Windows\SYSTEM32\DNSAPI.dll
[0727/000435:ERROR:process_reader_win.cc(232)] ReadMemory at 0x73600000 of 64 bytes failed: Only part of a ReadProcessMemory or WriteProcessMemory request was completed. (0x12B)
[0727/000435:WARNING:pe_image_reader.cc(280)] could not read dos header from C:\PROGRA~1\AVASTS~1\Avast\commchannel.dll
[0727/000435:ERROR:process_reader_win.cc(232)] ReadMemory at 0x73e10000 of 64 bytes failed: Only part of a ReadProcessMemory or WriteProcessMemory request was completed. (0x12B)
[0727/000435:WARNING:pe_image_reader.cc(280)] could not read dos header from C:\PROGRA~1\AVASTS~1\Avast\JsonRpcServer.dll
[0727/000435:ERROR:process_reader_win.cc(232)] ReadMemory at 0x743f0000 of 64 bytes failed: Only part of a ReadProcessMemory or WriteProcessMemory request was completed. (0x12B)
[0727/000435:WARNING:pe_image_reader.cc(280)] could not read dos header from C:\Windows\SYSTEM32\rasman.dll
[0727/000435:ERROR:process_reader_win.cc(232)] ReadMemory at 0x74450000 of 64 bytes failed: Only part of a ReadProcessMemory or WriteProcessMemory request was completed. (0x12B)
[0727/000435:WARNING:pe_image_reader.cc(280)] could not read dos header from C:\Windows\SYSTEM32\RASAPI32.dll
[0727/000435:ERROR:process_reader_win.cc(232)] ReadMemory at 0x74870000 of 64 bytes failed: Only part of a ReadProcessMemory or WriteProcessMemory request was completed. (0x12B)
[0727/000435:WARNING:pe_image_reader.cc(280)] could not read dos header from C:\PROGRA~1\AVASTS~1\Avast\avastIP.dll
[0727/000435:ERROR:process_reader_win.cc(232)] ReadMemory at 0x74850000 of 64 bytes failed: Only part of a ReadProcessMemory or WriteProcessMemory request was completed. (0x12B)
[0727/000435:WARNING:pe_image_reader.cc(280)] could not read dos header from C:\PROGRA~1\AVASTS~1\Avast\aswEngLdr.dll
[0727/000435:ERROR:process_reader_win.cc(232)] ReadMemory at 0x73160000 of 64 bytes failed: Only part of a ReadProcessMemory or WriteProcessMemory request was completed. (0x12B)
[0727/000435:WARNING:pe_image_reader.cc(280)] could not read dos header from C:\PROGRA~1\AVASTS~1\Avast\AavmRpch.dll
[0727/000435:ERROR:process_reader_win.cc(232)] ReadMemory at 0x73e00000 of 64 bytes failed: Only part of a ReadProcessMemory or WriteProcessMemory request was completed. (0x12B)
[0727/000435:WARNING:pe_image_reader.cc(280)] could not read dos header from C:\Windows\SYSTEM32\WSOCK32.dll
[0727/000435:ERROR:process_reader_win.cc(232)] ReadMemory at 0x75210000 of 64 bytes failed: Only part of a ReadProcessMemory or WriteProcessMemory request was completed. (0x12B)
[0727/000435:WARNING:pe_image_reader.cc(280)] could not read dos header from C:\Windows\SYSTEM32\SETUPAPI.dll
[0727/000435:ERROR:process_reader_win.cc(232)] ReadMemory at 0x74060000 of 64 bytes failed: Only part of a ReadProcessMemory or WriteProcessMemory request was completed. (0x12B)
[0727/000435:WARNING:pe_image_reader.cc(280)] could not read dos header from C:\Windows\SYSTEM32\iertutil.dll
[0727/000435:ERROR:process_reader_win.cc(232)] ReadMemory at 0x74630000 of 64 bytes failed: Only part of a ReadProcessMemory or WriteProcessMemory request was completed. (0x12B)
[0727/000435:WARNING:pe_image_reader.cc(280)] could not read dos header from C:\Windows\SYSTEM32\WININET.dll
[0727/000435:ERROR:process_reader_win.cc(232)] ReadMemory at 0x73e80000 of 64 bytes failed: Only part of a ReadProcessMemory or WriteProcessMemory request was completed. (0x12B)
[0727/000435:WARNING:pe_image_reader.cc(280)] could not read dos header from C:\PROGRA~1\AVASTS~1\Avast\ashBase.dll
[0727/000435:ERROR:process_reader_win.cc(232)] ReadMemory at 0x731b0000 of 64 bytes failed: Only part of a ReadProcessMemory or WriteProcessMemory request was completed. (0x12B)
[0727/000435:WARNING:pe_image_reader.cc(280)] could not read dos header from C:\PROGRA~1\AVASTS~1\Avast\aswAux.dll
[0727/000435:ERROR:process_reader_win.cc(232)] ReadMemory at 0x73890000 of 64 bytes failed: Only part of a ReadProcessMemory or WriteProcessMemory request was completed. (0x12B)
[0727/000435:WARNING:pe_image_reader.cc(280)] could not read dos header from C:\PROGRA~1\AVASTS~1\Avast\ashTask.dll
[0727/000435:ERROR:process_reader_win.cc(232)] ReadMemory at 0x73320000 of 64 bytes failed: Only part of a ReadProcessMemory or WriteProcessMemory request was completed. (0x12B)
[0727/000435:WARNING:pe_image_reader.cc(280)] could not read dos header from C:\PROGRA~1\AVASTS~1\Avast\Aavm4h.dll
[0727/000435:ERROR:process_reader_win.cc(232)] ReadMemory at 0x6d190000 of 64 bytes failed: Only part of a ReadProcessMemory or WriteProcessMemory request was completed. (0x12B)
[0727/000435:WARNING:pe_image_reader.cc(280)] could not read dos header from C:\Windows\SYSTEM32\dwrite.dll
[0727/000435:ERROR:process_reader_win.cc(232)] ReadMemory at 0x77161860 of 5888 bytes failed: Only part of a ReadProcessMemory or WriteProcessMemory request was completed. (0x12B)
[0727/000435:ERROR:process_reader_win.cc(232)] ReadMemory at 0xaa0000 of 64 bytes failed: Only part of a ReadProcessMemory or WriteProcessMemory request was completed. (0x12B)
[0727/000435:WARNING:pe_image_reader.cc(280)] could not read dos header from C:\Program Files (x86)\Google\Chrome\Application\chrome.exe
[0727/000435:ERROR:process_reader_win.cc(232)] ReadMemory at 0x77060000 of 64 bytes failed: Only part of a ReadProcessMemory or WriteProcessMemory request was completed. (0x12B)
[0727/000435:WARNING:pe_image_reader.cc(280)] could not read dos header from C:\Windows\SYSTEM32\ntdll.dll
[0727/000435:ERROR:process_reader_win.cc(232)] ReadMemory at 0x76880000 of 64 bytes failed: Only part of a ReadProcessMemory or WriteProcessMemory request was completed. (0x12B)
[0727/000435:WARNING:pe_image_reader.cc(280)] could not read dos header from C:\Windows\SYSTEM32\KERNELBASE.dll
[0727/000435:ERROR:process_reader_win.cc(232)] ReadMemory at 0x76950000 of 64 bytes failed: Only part of a ReadProcessMemory or WriteProcessMemory request was completed. (0x12B)
[0727/000435:WARNING:pe_image_reader.cc(280)] could not read dos header from C:\Windows\SYSTEM32\KERNEL32.dll
[0727/000435:ERROR:process_reader_win.cc(232)] ReadMemory at 0x76ca0000 of 64 bytes failed: Only part of a ReadProcessMemory or WriteProcessMemory request was completed. (0x12B)
[0727/000435:WARNING:pe_image_reader.cc(280)] could not read dos header from C:\Windows\SYSTEM32\msvcrt.dll
[0727/000435:ERROR:process_reader_win.cc(232)] ReadMemory at 0x74890000 of 64 bytes failed: Only part of a ReadProcessMemory or WriteProcessMemory request was completed. (0x12B)
[0727/000435:WARNING:pe_image_reader.cc(280)] could not read dos header from C:\Windows\SYSTEM32\bcryptPrimitives.dll
[0727/000435:ERROR:process_reader_win.cc(232)] ReadMemory at 0x748f0000 of 64 bytes failed: Only part of a ReadProcessMemory or WriteProcessMemory request was completed. (0x12B)
[0727/000435:WARNING:pe_image_reader.cc(280)] could not read dos header from C:\Windows\SYSTEM32\CRYPTBASE.dll
[0727/000435:ERROR:process_reader_win.cc(232)] ReadMemory at 0x74d10000 of 64 bytes failed: Only part of a ReadProcessMemory or WriteProcessMemory request was completed. (0x12B)
[0727/000435:WARNING:pe_image_reader.cc(280)] could not read dos header from C:\Windows\SYSTEM32\SspiCli.dll
[0727/000435:ERROR:process_reader_win.cc(232)] ReadMemory at 0x749a0000 of 64 bytes failed: Only part of a ReadProcessMemory or WriteProcessMemory request was completed. (0x12B)
[0727/000435:WARNING:pe_image_reader.cc(280)] could not read dos header from C:\Windows\SYSTEM32\RPCRT4.dll
[0727/000435:ERROR:process_reader_win.cc(232)] ReadMemory at 0x76680000 of 64 bytes failed: Only part of a ReadProcessMemory or WriteProcessMemory request was completed. (0x12B)
[0727/000435:WARNING:pe_image_reader.cc(280)] could not read dos header from C:\Windows\SYSTEM32\sechost.dll
[0727/000435:ERROR:process_reader_win.cc(232)] ReadMemory at 0x74d40000 of 64 bytes failed: Only part of a ReadProcessMemory or WriteProcessMemory request was completed. (0x12B)
[0727/000435:WARNING:pe_image_reader.cc(280)] could not read dos header from C:\Windows\SYSTEM32\ADVAPI32.dll
[0727/000435:ERROR:process_reader_win.cc(232)] ReadMemory at 0x72360000 of 64 bytes failed: Only part of a ReadProcessMemory or WriteProcessMemory request was completed. (0x12B)
[0727/000435:WARNING:pe_image_reader.cc(280)] could not read dos header from C:\Program Files (x86)\Google\Chrome\Application\51.0.2704.103\chrome_elf.dll
[0727/000435:ERROR:process_reader_win.cc(232)] ReadMemory at 0x74840000 of 64 bytes failed: Only part of a ReadProcessMemory or WriteProcessMemory request was completed. (0x12B)
[0727/000435:WARNING:pe_image_reader.cc(280)] could not read dos header from C:\Windows\SYSTEM32\VERSION.dll
[0727/000435:ERROR:process_reader_win.cc(232)] ReadMemory at 0x76ac0000 of 64 bytes failed: Only part of a ReadProcessMemory or WriteProcessMemory request was completed. (0x12B)
[0727/000435:WARNING:pe_image_reader.cc(280)] could not read dos header from C:\Windows\SYSTEM32\cfgmgr32.dll
[0727/000435:ERROR:process_reader_win.cc(232)] ReadMemory at 0x71fc0000 of 64 bytes failed: Only part of a ReadProcessMemory or WriteProcessMemory request was completed. (0x12B)
[0727/000435:WARNING:pe_image_reader.cc(280)] could not read dos header from C:\Windows\SYSTEM32\DEVOBJ.dll
[0727/000435:ERROR:process_reader_win.cc(232)] ReadMemory at 0x71fe0000 of 64 bytes failed: Only part of a ReadProcessMemory or WriteProcessMemory request was completed. (0x12B)
[0727/000435:WARNING:pe_image_reader.cc(280)] could not read dos header from C:\Windows\SYSTEM32\WINMMBASE.dll
[0727/000435:ERROR:process_reader_win.cc(232)] ReadMemory at 0x74a60000 of 64 bytes failed: Only part of a ReadProcessMemory or WriteProcessMemory request was completed. (0x12B)
[0727/000435:WARNING:pe_image_reader.cc(280)] could not read dos header from C:\Windows\SYSTEM32\GDI32.dll
[0727/000435:ERROR:process_reader_win.cc(232)] ReadMemory at 0x76b40000 of 64 bytes failed: Only part of a ReadProcessMemory or WriteProcessMemory request was completed. (0x12B)
[0727/000435:WARNING:pe_image_reader.cc(280)] could not read dos header from C:\Windows\SYSTEM32\USER32.dll
[0727/000435:ERROR:process_reader_win.cc(232)] ReadMemory at 0x76dd0000 of 64 bytes failed: Only part of a ReadProcessMemory or WriteProcessMemory request was completed. (0x12B)
[0727/000435:WARNING:pe_image_reader.cc(280)] could not read dos header from C:\Windows\SYSTEM32\MSCTF.dll
[0727/000435:ERROR:process_reader_win.cc(232)] ReadMemory at 0x76a90000 of 64 bytes failed: Only part of a ReadProcessMemory or WriteProcessMemory request was completed. (0x12B)
[0727/000435:WARNING:pe_image_reader.cc(280)] could not read dos header from C:\Windows\system32\IMM32.DLL
[0727/000435:ERROR:process_reader_win.cc(232)] ReadMemory at 0x72330000 of 64 bytes failed: Only part of a ReadProcessMemory or WriteProcessMemory request was completed. (0x12B)
[0727/000435:WARNING:pe_image_reader.cc(280)] could not read dos header from C:\Windows\SYSTEM32\WINMM.dll
[0727/000435:ERROR:process_reader_win.cc(232)] ReadMemory at 0x743e0000 of 64 bytes failed: Only part of a ReadProcessMemory or WriteProcessMemory request was completed. (0x12B)
[0727/000435:WARNING:pe_image_reader.cc(280)] could not read dos header from C:\Windows\SYSTEM32\profapi.dll
[0727/000435:ERROR:process_reader_win.cc(232)] ReadMemory at 0x74430000 of 64 bytes failed: Only part of a ReadProcessMemory or WriteProcessMemory request was completed. (0x12B)
[0727/000435:WARNING:pe_image_reader.cc(280)] could not read dos header from C:\Windows\SYSTEM32\USERENV.dll
[0727/000435:ERROR:process_reader_win.cc(232)] ReadMemory at 0x74350000 of 64 bytes failed: Only part of a ReadProcessMemory or WriteProcessMemory request was completed. (0x12B)
[0727/000435:WARNING:pe_image_reader.cc(280)] could not read dos header from C:\Windows\SYSTEM32\WTSAPI32.dll
[0727/000435:ERROR:process_reader_win.cc(232)] ReadMemory at 0x74b70000 of 64 bytes failed: Only part of a ReadProcessMemory or WriteProcessMemory request was completed. (0x12B)
[0727/000435:WARNING:pe_image_reader.cc(280)] could not read dos header from C:\Windows\SYSTEM32\combase.dll
[0727/000435:ERROR:process_reader_win.cc(232)] ReadMemory at 0x74590000 of 64 bytes failed: Only part of a ReadProcessMemory or WriteProcessMemory request was completed. (0x12B)
[0727/000435:WARNING:pe_image_reader.cc(280)] could not read dos header from C:\Windows\SYSTEM32\WINHTTP.dll
[0727/000435:ERROR:process_reader_win.cc(232)] ReadMemory at 0x74dc0000 of 64 bytes failed: Only part of a ReadProcessMemory or WriteProcessMemory request was completed. (0x12B)
[0727/000435:WARNING:pe_image_reader.cc(280)] could not read dos header from C:\Windows\SYSTEM32\SHLWAPI.dll
[0727/000435:ERROR:process_reader_win.cc(232)] ReadMemory at 0x753c0000 of 64 bytes failed: Only part of a ReadProcessMemory or WriteProcessMemory request was completed. (0x12B)
[0727/000435:WARNING:pe_image_reader.cc(280)] could not read dos header from C:\Windows\SYSTEM32\SHELL32.dll
[0727/000435:ERROR:process_reader_win.cc(232)] ReadMemory at 0x74360000 of 64 bytes failed: Only part of a ReadProcessMemory or WriteProcessMemory request was completed. (0x12B)
[0727/000435:WARNING:pe_image_reader.cc(280)] could not read dos header from C:\Windows\SYSTEM32\shcore.dll
[0727/000435:ERROR:process_reader_win.cc(232)] ReadMemory at 0x76f80000 of 64 bytes failed: Only part of a ReadProcessMemory or WriteProcessMemory request was completed. (0x12B)
[0727/000435:WARNING:pe_image_reader.cc(280)] could not read dos header from C:\Windows\SYSTEM32\PSAPI.DLL
[0727/000435:ERROR:process_reader_win.cc(232)] ReadMemory at 0x72000000 of 64 bytes failed: Only part of a ReadProcessMemory or WriteProcessMemory request was completed. (0x12B)
[0727/000435:WARNING:pe_image_reader.cc(280)] could not read dos header from C:\Windows\SYSTEM32\WINSPOOL.DRV
[0727/000435:ERROR:process_reader_win.cc(232)] ReadMemory at 0x6ff30000 of 64 bytes failed: Only part of a ReadProcessMemory or WriteProcessMemory request was completed. (0x12B)
[0727/000435:WARNING:pe_image_reader.cc(280)] could not read dos header from C:\Windows\WinSxS\x86_microsoft.windows.common-controls_6595b64144ccf1df_6.0.9600.18006_none_a9ec6aab013aafee\COMCTL32.dll
[0727/000435:ERROR:process_reader_win.cc(232)] ReadMemory at 0x766c0000 of 64 bytes failed: Only part of a ReadProcessMemory or WriteProcessMemory request was completed. (0x12B)
[0727/000435:WARNING:pe_image_reader.cc(280)] could not read dos header from C:\Windows\SYSTEM32\COMDLG32.dll
[0727/000435:ERROR:process_reader_win.cc(232)] ReadMemory at 0x76750000 of 64 bytes failed: Only part of a ReadProcessMemory or WriteProcessMemory request was completed. (0x12B)
[0727/000435:WARNING:pe_image_reader.cc(280)] could not read dos header from C:\Windows\SYSTEM32\ole32.dll
[0727/000435:ERROR:process_reader_win.cc(232)] ReadMemory at 0x75110000 of 64 bytes failed: Only part of a ReadProcessMemory or WriteProcessMemory request was completed. (0x12B)
[0727/000435:WARNING:pe_image_reader.cc(280)] could not read dos header from C:\Windows\SYSTEM32\OLEAUT32.dll
[0727/000435:ERROR:process_reader_win.cc(232)] ReadMemory at 0x74f80000 of 64 bytes failed: Only part of a ReadProcessMemory or WriteProcessMemory request was completed. (0x12B)
[0727/000435:WARNING:pe_image_reader.cc(280)] could not read dos header from C:\Windows\SYSTEM32\NSI.dll
[0727/000435:ERROR:process_reader_win.cc(232)] ReadMemory at 0x74420000 of 64 bytes failed: Only part of a ReadProcessMemory or WriteProcessMemory request was completed. (0x12B)
[0727/000435:WARNING:pe_image_reader.cc(280)] could not read dos header from C:\Windows\SYSTEM32\WINNSI.DLL
[0727/000435:ERROR:process_reader_win.cc(232)] ReadMemory at 0x744f0000 of 64 bytes failed: Only part of a ReadProcessMemory or WriteProcessMemory request was completed. (0x12B)
[0727/000435:WARNING:pe_image_reader.cc(280)] could not read dos header from C:\Windows\SYSTEM32\IPHLPAPI.DLL
[0727/000435:ERROR:process_reader_win.cc(232)] ReadMemory at 0x751c0000 of 64 bytes failed: Only part of a ReadProcessMemory or WriteProcessMemory request was completed. (0x12B)
[0727/000435:WARNING:pe_image_reader.cc(280)] could not read dos header from C:\Windows\SYSTEM32\WS2_32.dll
[0727/000435:ERROR:process_reader_win.cc(232)] ReadMemory at 0x712d0000 of 64 bytes failed: Only part of a ReadProcessMemory or WriteProcessMemory request was completed. (0x12B)
[0727/000435:WARNING:pe_image_reader.cc(280)] could not read dos header from C:\Windows\SYSTEM32\USP10.dll
[0727/000435:ERROR:process_reader_win.cc(232)] ReadMemory at 0x76dc0000 of 64 bytes failed: Only part of a ReadProcessMemory or WriteProcessMemory request was completed. (0x12B)
[0727/000435:WARNING:pe_image_reader.cc(280)] could not read dos header from C:\Windows\SYSTEM32\MSASN1.dll
[0727/000435:ERROR:process_reader_win.cc(232)] ReadMemory at 0x74f90000 of 64 bytes failed: Only part of a ReadProcessMemory or WriteProcessMemory request was completed. (0x12B)
[0727/000435:WARNING:pe_image_reader.cc(280)] could not read dos header from C:\Windows\SYSTEM32\CRYPT32.dll
[0727/000435:ERROR:process_reader_win.cc(232)] ReadMemory at 0x76b00000 of 64 bytes failed: Only part of a ReadProcessMemory or WriteProcessMemory request was completed. (0x12B)
[0727/000435:WARNING:pe_image_reader.cc(280)] could not read dos header from C:\Windows\SYSTEM32\WINTRUST.dll
[0727/000435:ERROR:process_reader_win.cc(232)] ReadMemory at 0x72e40000 of 64 bytes failed: Only part of a ReadProcessMemory or WriteProcessMemory request was completed. (0x12B)
[0727/000435:WARNING:pe_image_reader.cc(280)] could not read dos header from C:\Windows\SYSTEM32\Secur32.dll
[0727/000435:ERROR:process_reader_win.cc(232)] ReadMemory at 0x62600000 of 64 bytes failed: Only part of a ReadProcessMemory or WriteProcessMemory request was completed. (0x12B)
[0727/000435:WARNING:pe_image_reader.cc(280)] could not read dos header from C:\Program Files (x86)\Google\Chrome\Application\51.0.2704.103\chrome_child.dll
[0727/000435:ERROR:process_reader_win.cc(232)] ReadMemory at 0x717c0000 of 64 bytes failed: Only part of a ReadProcessMemory or WriteProcessMemory request was completed. (0x12B)
[0727/000435:WARNING:pe_image_reader.cc(280)] could not read dos header from C:\Program Files\AVAST Software\Avast\aswJsFlt.dll
[0727/000435:ERROR:process_reader_win.cc(232)] ReadMemory at 0x73c90000 of 64 bytes failed: Only part of a ReadProcessMemory or WriteProcessMemory request was completed. (0x12B)
[0727/000435:WARNING:pe_image_reader.cc(280)] could not read dos header from C:\Windows\WinSxS\x86_avast.vc110.crt_2036b14a11e83e4a_11.0.60610.1_none_1d37a43bbfe1dc9c\MSVCR110.dll
[0727/000435:ERROR:process_reader_win.cc(232)] ReadMemory at 0x73900000 of 64 bytes failed: Only part of a ReadProcessMemory or WriteProcessMemory request was completed. (0x12B)
[0727/000435:WARNING:pe_image_reader.cc(280)] could not read dos header from C:\PROGRA~1\AVASTS~1\Avast\aswCmnIS.dll
[0727/000435:ERROR:process_reader_win.cc(232)] ReadMemory at 0x73d70000 of 64 bytes failed: Only part of a ReadProcessMemory or WriteProcessMemory request was completed. (0x12B)
[0727/000435:WARNING:pe_image_reader.cc(280)] could not read dos header from C:\Windows\WinSxS\x86_avast.vc110.crt_2036b14a11e83e4a_11.0.60610.1_none_1d37a43bbfe1dc9c\MSVCP110.dll
[0727/000435:ERROR:process_reader_win.cc(232)] ReadMemory at 0x73830000 of 64 bytes failed: Only part of a ReadProcessMemory or WriteProcessMemory request was completed. (0x12B)
[0727/000435:WARNING:pe_image_reader.cc(280)] could not read dos header from C:\PROGRA~1\AVASTS~1\Avast\aswCmnOS.dll
[0727/000435:ERROR:process_reader_win.cc(232)] ReadMemory at 0x742e0000 of 64 bytes failed: Only part of a ReadProcessMemory or WriteProcessMemory request was completed. (0x12B)
[0727/000435:WARNING:pe_image_reader.cc(280)] could not read dos header from C:\PROGRA~1\AVASTS~1\Avast\aswCmnBS.dll
[0727/000435:ERROR:process_reader_win.cc(232)] ReadMemory at 0x73f90000 of 64 bytes failed: Only part of a ReadProcessMemory or WriteProcessMemory request was completed. (0x12B)
[0727/000435:WARNING:pe_image_reader.cc(280)] could not read dos header from C:\Windows\SYSTEM32\netutils.dll
[0727/000435:ERROR:process_reader_win.cc(232)] ReadMemory at 0x730a0000 of 64 bytes failed: Only part of a ReadProcessMemory or WriteProcessMemory request was completed. (0x12B)
[0727/000435:WARNING:pe_image_reader.cc(280)] could not read dos header from C:\Windows\SYSTEM32\srvcli.dll
[0727/000435:ERROR:process_reader_win.cc(232)] ReadMemory at 0x73960000 of 64 bytes failed: Only part of a ReadProcessMemory or WriteProcessMemory request was completed. (0x12B)
[0727/000435:WARNING:pe_image_reader.cc(280)] could not read dos header from C:\Windows\SYSTEM32\wkscli.dll
[0727/000435:ERROR:process_reader_win.cc(232)] ReadMemory at 0x73870000 of 64 bytes failed: Only part of a ReadProcessMemory or WriteProcessMemory request was completed. (0x12B)
[0727/000435:WARNING:pe_image_reader.cc(280)] could not read dos header from C:\Windows\SYSTEM32\NETAPI32.dll
[0727/000435:ERROR:process_reader_win.cc(232)] ReadMemory at 0x742a0000 of 64 bytes failed: Only part of a ReadProcessMemory or WriteProcessMemory request was completed. (0x12B)
[0727/000435:WARNING:pe_image_reader.cc(280)] could not read dos header from C:\PROGRA~1\AVASTS~1\Avast\log.dll
[0727/000435:ERROR:process_reader_win.cc(232)] ReadMemory at 0x74510000 of 64 bytes failed: Only part of a ReadProcessMemory or WriteProcessMemory request was completed. (0x12B)
[0727/000435:WARNING:pe_image_reader.cc(280)] could not read dos header from C:\Windows\SYSTEM32\DNSAPI.dll
[0727/000435:ERROR:process_reader_win.cc(232)] ReadMemory at 0x73600000 of 64 bytes failed: Only part of a ReadProcessMemory or WriteProcessMemory request was completed. (0x12B)
[0727/000435:WARNING:pe_image_reader.cc(280)] could not read dos header from C:\PROGRA~1\AVASTS~1\Avast\commchannel.dll
[0727/000435:ERROR:process_reader_win.cc(232)] ReadMemory at 0x73e10000 of 64 bytes failed: Only part of a ReadProcessMemory or WriteProcessMemory request was completed. (0x12B)
[0727/000435:WARNING:pe_image_reader.cc(280)] could not read dos header from C:\PROGRA~1\AVASTS~1\Avast\JsonRpcServer.dll
[0727/000435:ERROR:process_reader_win.cc(232)] ReadMemory at 0x743f0000 of 64 bytes failed: Only part of a ReadProcessMemory or WriteProcessMemory request was completed. (0x12B)
[0727/000435:WARNING:pe_image_reader.cc(280)] could not read dos header from C:\Windows\SYSTEM32\rasman.dll
[0727/000435:ERROR:process_reader_win.cc(232)] ReadMemory at 0x74450000 of 64 bytes failed: Only part of a ReadProcessMemory or WriteProcessMemory request was completed. (0x12B)
[0727/000435:WARNING:pe_image_reader.cc(280)] could not read dos header from C:\Windows\SYSTEM32\RASAPI32.dll
[0727/000435:ERROR:process_reader_win.cc(232)] ReadMemory at 0x74870000 of 64 bytes failed: Only part of a ReadProcessMemory or WriteProcessMemory request was completed. (0x12B)
[0727/000435:WARNING:pe_image_reader.cc(280)] could not read dos header from C:\PROGRA~1\AVASTS~1\Avast\avastIP.dll
[0727/000435:ERROR:process_reader_win.cc(232)] ReadMemory at 0x74850000 of 64 bytes failed: Only part of a ReadProcessMemory or WriteProcessMemory request was completed. (0x12B)
[0727/000435:WARNING:pe_image_reader.cc(280)] could not read dos header from C:\PROGRA~1\AVASTS~1\Avast\aswEngLdr.dll
[0727/000435:ERROR:process_reader_win.cc(232)] ReadMemory at 0x73160000 of 64 bytes failed: Only part of a ReadProcessMemory or WriteProcessMemory request was completed. (0x12B)
[0727/000435:WARNING:pe_image_reader.cc(280)] could not read dos header from C:\PROGRA~1\AVASTS~1\Avast\AavmRpch.dll
[0727/000435:ERROR:process_reader_win.cc(232)] ReadMemory at 0x73e00000 of 64 bytes failed: Only part of a ReadProcessMemory or WriteProcessMemory request was completed. (0x12B)
[0727/000435:WARNING:pe_image_reader.cc(280)] could not read dos header from C:\Windows\SYSTEM32\WSOCK32.dll
[0727/000435:ERROR:process_reader_win.cc(232)] ReadMemory at 0x75210000 of 64 bytes failed: Only part of a ReadProcessMemory or WriteProcessMemory request was completed. (0x12B)
[0727/000435:WARNING:pe_image_reader.cc(280)] could not read dos header from C:\Windows\SYSTEM32\SETUPAPI.dll
[0727/000435:ERROR:process_reader_win.cc(232)] ReadMemory at 0x74060000 of 64 bytes failed: Only part of a ReadProcessMemory or WriteProcessMemory request was completed. (0x12B)
[0727/000435:WARNING:pe_image_reader.cc(280)] could not read dos header from C:\Windows\SYSTEM32\iertutil.dll
[0727/000435:ERROR:process_reader_win.cc(232)] ReadMemory at 0x74630000 of 64 bytes failed: Only part of a ReadProcessMemory or WriteProcessMemory request was completed. (0x12B)
[0727/000435:WARNING:pe_image_reader.cc(280)] could not read dos header from C:\Windows\SYSTEM32\WININET.dll
[0727/000435:ERROR:process_reader_win.cc(232)] ReadMemory at 0x73e80000 of 64 bytes failed: Only part of a ReadProcessMemory or WriteProcessMemory request was completed. (0x12B)
[0727/000435:WARNING:pe_image_reader.cc(280)] could not read dos header from C:\PROGRA~1\AVASTS~1\Avast\ashBase.dll
[0727/000435:ERROR:process_reader_win.cc(232)] ReadMemory at 0x731b0000 of 64 bytes failed: Only part of a ReadProcessMemory or WriteProcessMemory request was completed. (0x12B)
[0727/000435:WARNING:pe_image_reader.cc(280)] could not read dos header from C:\PROGRA~1\AVASTS~1\Avast\aswAux.dll
[0727/000435:ERROR:process_reader_win.cc(232)] ReadMemory at 0x73890000 of 64 bytes failed: Only part of a ReadProcessMemory or WriteProcessMemory request was completed. (0x12B)
[0727/000435:WARNING:pe_image_reader.cc(280)] could not read dos header from C:\PROGRA~1\AVASTS~1\Avast\ashTask.dll
[0727/000435:ERROR:process_reader_win.cc(232)] ReadMemory at 0x73320000 of 64 bytes failed: Only part of a ReadProcessMemory or WriteProcessMemory request was completed. (0x12B)
[0727/000435:WARNING:pe_image_reader.cc(280)] could not read dos header from C:\PROGRA~1\AVASTS~1\Avast\Aavm4h.dll
[0727/000435:ERROR:process_reader_win.cc(232)] ReadMemory at 0x6d190000 of 64 bytes failed: Only part of a ReadProcessMemory or WriteProcessMemory request was completed. (0x12B)
[0727/000435:WARNING:pe_image_reader.cc(280)] could not read dos header from C:\Windows\SYSTEM32\dwrite.dll
[0727/000436:ERROR:process_reader_win.cc(98)] process 8100 not found
[0727/000436:ERROR:process_reader_win.cc(232)] ReadMemory at 0xaa0000 of 64 bytes failed: Only part of a ReadProcessMemory or WriteProcessMemory request was completed. (0x12B)
[0727/000436:WARNING:pe_image_reader.cc(280)] could not read dos header from C:\Program Files (x86)\Google\Chrome\Application\chrome.exe
[0727/000436:ERROR:process_reader_win.cc(232)] ReadMemory at 0x77060000 of 64 bytes failed: Only part of a ReadProcessMemory or WriteProcessMemory request was completed. (0x12B)
[0727/000436:WARNING:pe_image_reader.cc(280)] could not read dos header from C:\Windows\SYSTEM32\ntdll.dll
[0727/000436:ERROR:process_reader_win.cc(232)] ReadMemory at 0x76880000 of 64 bytes failed: Only part of a ReadProcessMemory or WriteProcessMemory request was completed. (0x12B)
[0727/000436:WARNING:pe_image_reader.cc(280)] could not read dos header from C:\Windows\SYSTEM32\KERNELBASE.dll
[0727/000436:ERROR:process_reader_win.cc(232)] ReadMemory at 0x76950000 of 64 bytes failed: Only part of a ReadProcessMemory or WriteProcessMemory request was completed. (0x12B)
[0727/000436:WARNING:pe_image_reader.cc(280)] could not read dos header from C:\Windows\SYSTEM32\KERNEL32.dll
[0727/000436:ERROR:process_reader_win.cc(232)] ReadMemory at 0x76ca0000 of 64 bytes failed: Only part of a ReadProcessMemory or WriteProcessMemory request was completed. (0x12B)
[0727/000436:WARNING:pe_image_reader.cc(280)] could not read dos header from C:\Windows\SYSTEM32\msvcrt.dll
[0727/000436:ERROR:process_reader_win.cc(232)] ReadMemory at 0x74890000 of 64 bytes failed: Only part of a ReadProcessMemory or WriteProcessMemory request was completed. (0x12B)
[0727/000436:WARNING:pe_image_reader.cc(280)] could not read dos header from C:\Windows\SYSTEM32\bcryptPrimitives.dll
[0727/000436:ERROR:process_reader_win.cc(232)] ReadMemory at 0x748f0000 of 64 bytes failed: Only part of a ReadProcessMemory or WriteProcessMemory request was completed. (0x12B)
[0727/000436:WARNING:pe_image_reader.cc(280)] could not read dos header from C:\Windows\SYSTEM32\CRYPTBASE.dll
[0727/000436:ERROR:process_reader_win.cc(232)] ReadMemory at 0x74d10000 of 64 bytes failed: Only part of a ReadProcessMemory or WriteProcessMemory request was completed. (0x12B)
[0727/000436:WARNING:pe_image_reader.cc(280)] could not read dos header from C:\Windows\SYSTEM32\SspiCli.dll
[0727/000436:ERROR:process_reader_win.cc(232)] ReadMemory at 0x749a0000 of 64 bytes failed: Only part of a ReadProcessMemory or WriteProcessMemory request was completed. (0x12B)
[0727/000436:WARNING:pe_image_reader.cc(280)] could not read dos header from C:\Windows\SYSTEM32\RPCRT4.dll
[0727/000436:ERROR:process_reader_win.cc(232)] ReadMemory at 0x76680000 of 64 bytes failed: Only part of a ReadProcessMemory or WriteProcessMemory request was completed. (0x12B)
[0727/000436:WARNING:pe_image_reader.cc(280)] could not read dos header from C:\Windows\SYSTEM32\sechost.dll
[0727/000436:ERROR:process_reader_win.cc(232)] ReadMemory at 0x74d40000 of 64 bytes failed: Only part of a ReadProcessMemory or WriteProcessMemory request was completed. (0x12B)
[0727/000436:WARNING:pe_image_reader.cc(280)] could not read dos header from C:\Windows\SYSTEM32\ADVAPI32.dll
[0727/000436:ERROR:process_reader_win.cc(232)] ReadMemory at 0x72360000 of 64 bytes failed: Only part of a ReadProcessMemory or WriteProcessMemory request was completed. (0x12B)
[0727/000436:WARNING:pe_image_reader.cc(280)] could not read dos header from C:\Program Files (x86)\Google\Chrome\Application\51.0.2704.103\chrome_elf.dll
[0727/000436:ERROR:process_reader_win.cc(232)] ReadMemory at 0x74840000 of 64 bytes failed: Only part of a ReadProcessMemory or WriteProcessMemory request was completed. (0x12B)
[0727/000436:WARNING:pe_image_reader.cc(280)] could not read dos header from C:\Windows\SYSTEM32\VERSION.dll
[0727/000436:ERROR:process_reader_win.cc(232)] ReadMemory at 0x76ac0000 of 64 bytes failed: Only part of a ReadProcessMemory or WriteProcessMemory request was completed. (0x12B)
[0727/000436:WARNING:pe_image_reader.cc(280)] could not read dos header from C:\Windows\SYSTEM32\cfgmgr32.dll
[0727/000436:ERROR:process_reader_win.cc(232)] ReadMemory at 0x71fc0000 of 64 bytes failed: Only part of a ReadProcessMemory or WriteProcessMemory request was completed. (0x12B)
[0727/000436:WARNING:pe_image_reader.cc(280)] could not read dos header from C:\Windows\SYSTEM32\DEVOBJ.dll
[0727/000436:ERROR:process_reader_win.cc(232)] ReadMemory at 0x71fe0000 of 64 bytes failed: Only part of a ReadProcessMemory or WriteProcessMemory request was completed. (0x12B)
[0727/000436:WARNING:pe_image_reader.cc(280)] could not read dos header from C:\Windows\SYSTEM32\WINMMBASE.dll
[0727/000436:ERROR:process_reader_win.cc(232)] ReadMemory at 0x74a60000 of 64 bytes failed: Only part of a ReadProcessMemory or WriteProcessMemory request was completed. (0x12B)
[0727/000436:WARNING:pe_image_reader.cc(280)] could not read dos header from C:\Windows\SYSTEM32\GDI32.dll
[0727/000436:ERROR:process_reader_win.cc(232)] ReadMemory at 0x76b40000 of 64 bytes failed: Only part of a ReadProcessMemory or WriteProcessMemory request was completed. (0x12B)
[0727/000436:WARNING:pe_image_reader.cc(280)] could not read dos header from C:\Windows\SYSTEM32\USER32.dll
[0727/000436:ERROR:process_reader_win.cc(232)] ReadMemory at 0x76dd0000 of 64 bytes failed: Only part of a ReadProcessMemory or WriteProcessMemory request was completed. (0x12B)
[0727/000436:WARNING:pe_image_reader.cc(280)] could not read dos header from C:\Windows\SYSTEM32\MSCTF.dll
[0727/000436:ERROR:process_reader_win.cc(232)] ReadMemory at 0x76a90000 of 64 bytes failed: Only part of a ReadProcessMemory or WriteProcessMemory request was completed. (0x12B)
[0727/000436:WARNING:pe_image_reader.cc(280)] could not read dos header from C:\Windows\system32\IMM32.DLL
[0727/000436:ERROR:process_reader_win.cc(232)] ReadMemory at 0x72330000 of 64 bytes failed: Only part of a ReadProcessMemory or WriteProcessMemory request was completed. (0x12B)
[0727/000436:WARNING:pe_image_reader.cc(280)] could not read dos header from C:\Windows\SYSTEM32\WINMM.dll
[0727/000436:ERROR:process_reader_win.cc(232)] ReadMemory at 0x743e0000 of 64 bytes failed: Only part of a ReadProcessMemory or WriteProcessMemory request was completed. (0x12B)
[0727/000436:WARNING:pe_image_reader.cc(280)] could not read dos header from C:\Windows\SYSTEM32\profapi.dll
[0727/000436:ERROR:process_reader_win.cc(232)] ReadMemory at 0x74430000 of 64 bytes failed: Only part of a ReadProcessMemory or WriteProcessMemory request was completed. (0x12B)
[0727/000436:WARNING:pe_image_reader.cc(280)] could not read dos header from C:\Windows\SYSTEM32\USERENV.dll
[0727/000436:ERROR:process_reader_win.cc(232)] ReadMemory at 0x74350000 of 64 bytes failed: Only part of a ReadProcessMemory or WriteProcessMemory request was completed. (0x12B)
[0727/000436:WARNING:pe_image_reader.cc(280)] could not read dos header from C:\Windows\SYSTEM32\WTSAPI32.dll
[0727/000436:ERROR:process_reader_win.cc(232)] ReadMemory at 0x74b70000 of 64 bytes failed: Only part of a ReadProcessMemory or WriteProcessMemory request was completed. (0x12B)
[0727/000436:WARNING:pe_image_reader.cc(280)] could not read dos header from C:\Windows\SYSTEM32\combase.dll
[0727/000436:ERROR:process_reader_win.cc(232)] ReadMemory at 0x74590000 of 64 bytes failed: Only part of a ReadProcessMemory or WriteProcessMemory request was completed. (0x12B)
[0727/000436:WARNING:pe_image_reader.cc(280)] could not read dos header from C:\Windows\SYSTEM32\WINHTTP.dll
[0727/000436:ERROR:process_reader_win.cc(232)] ReadMemory at 0x74dc0000 of 64 bytes failed: Only part of a ReadProcessMemory or WriteProcessMemory request was completed. (0x12B)
[0727/000436:WARNING:pe_image_reader.cc(280)] could not read dos header from C:\Windows\SYSTEM32\SHLWAPI.dll
[0727/000436:ERROR:process_reader_win.cc(232)] ReadMemory at 0x753c0000 of 64 bytes failed: Only part of a ReadProcessMemory or WriteProcessMemory request was completed. (0x12B)
[0727/000436:WARNING:pe_image_reader.cc(280)] could not read dos header from C:\Windows\SYSTEM32\SHELL32.dll
[0727/000436:ERROR:process_reader_win.cc(232)] ReadMemory at 0x74360000 of 64 bytes failed: Only part of a ReadProcessMemory or WriteProcessMemory request was completed. (0x12B)
[0727/000436:WARNING:pe_image_reader.cc(280)] could not read dos header from C:\Windows\SYSTEM32\shcore.dll
[0727/000436:ERROR:process_reader_win.cc(232)] ReadMemory at 0x76f80000 of 64 bytes failed: Only part of a ReadProcessMemory or WriteProcessMemory request was completed. (0x12B)
[0727/000436:WARNING:pe_image_reader.cc(280)] could not read dos header from C:\Windows\SYSTEM32\PSAPI.DLL
[0727/000436:ERROR:process_reader_win.cc(232)] ReadMemory at 0x72000000 of 64 bytes failed: Only part of a ReadProcessMemory or WriteProcessMemory request was completed. (0x12B)
[0727/000436:WARNING:pe_image_reader.cc(280)] could not read dos header from C:\Windows\SYSTEM32\WINSPOOL.DRV
[0727/000436:ERROR:process_reader_win.cc(232)] ReadMemory at 0x6ff30000 of 64 bytes failed: Only part of a ReadProcessMemory or WriteProcessMemory request was completed. (0x12B)
[0727/000436:WARNING:pe_image_reader.cc(280)] could not read dos header from C:\Windows\WinSxS\x86_microsoft.windows.common-controls_6595b64144ccf1df_6.0.9600.18006_none_a9ec6aab013aafee\COMCTL32.dll
[0727/000436:ERROR:process_reader_win.cc(232)] ReadMemory at 0x766c0000 of 64 bytes failed: Only part of a ReadProcessMemory or WriteProcessMemory request was completed. (0x12B)
[0727/000436:WARNING:pe_image_reader.cc(280)] could not read dos header from C:\Windows\SYSTEM32\COMDLG32.dll
[0727/000436:ERROR:process_reader_win.cc(232)] ReadMemory at 0x76750000 of 64 bytes failed: Only part of a ReadProcessMemory or WriteProcessMemory request was completed. (0x12B)
[0727/000436:WARNING:pe_image_reader.cc(280)] could not read dos header from C:\Windows\SYSTEM32\ole32.dll
[0727/000436:ERROR:process_reader_win.cc(232)] ReadMemory at 0x75110000 of 64 bytes failed: Only part of a ReadProcessMemory or WriteProcessMemory request was completed. (0x12B)
[0727/000436:WARNING:pe_image_reader.cc(280)] could not read dos header from C:\Windows\SYSTEM32\OLEAUT32.dll
[0727/000436:ERROR:process_reader_win.cc(232)] ReadMemory at 0x74f80000 of 64 bytes failed: Only part of a ReadProcessMemory or WriteProcessMemory request was completed. (0x12B)
[0727/000436:WARNING:pe_image_reader.cc(280)] could not read dos header from C:\Windows\SYSTEM32\NSI.dll
[0727/000436:ERROR:process_reader_win.cc(232)] ReadMemory at 0x74420000 of 64 bytes failed: Only part of a ReadProcessMemory or WriteProcessMemory request was completed. (0x12B)
[0727/000436:WARNING:pe_image_reader.cc(280)] could not read dos header from C:\Windows\SYSTEM32\WINNSI.DLL
[0727/000436:ERROR:process_reader_win.cc(232)] ReadMemory at 0x744f0000 of 64 bytes failed: Only part of a ReadProcessMemory or WriteProcessMemory request was completed. (0x12B)
[0727/000436:WARNING:pe_image_reader.cc(280)] could not read dos header from C:\Windows\SYSTEM32\IPHLPAPI.DLL
[0727/000436:ERROR:process_reader_win.cc(232)] ReadMemory at 0x751c0000 of 64 bytes failed: Only part of a ReadProcessMemory or WriteProcessMemory request was completed. (0x12B)
[0727/000436:WARNING:pe_image_reader.cc(280)] could not read dos header from C:\Windows\SYSTEM32\WS2_32.dll
[0727/000436:ERROR:process_reader_win.cc(232)] ReadMemory at 0x712d0000 of 64 bytes failed: Only part of a ReadProcessMemory or WriteProcessMemory request was completed. (0x12B)
[0727/000436:WARNING:pe_image_reader.cc(280)] could not read dos header from C:\Windows\SYSTEM32\USP10.dll
[0727/000436:ERROR:process_reader_win.cc(232)] ReadMemory at 0x76dc0000 of 64 bytes failed: Only part of a ReadProcessMemory or WriteProcessMemory request was completed. (0x12B)
[0727/000436:WARNING:pe_image_reader.cc(280)] could not read dos header from C:\Windows\SYSTEM32\MSASN1.dll
[0727/000436:ERROR:process_reader_win.cc(232)] ReadMemory at 0x74f90000 of 64 bytes failed: Only part of a ReadProcessMemory or WriteProcessMemory request was completed. (0x12B)
[0727/000436:WARNING:pe_image_reader.cc(280)] could not read dos header from C:\Windows\SYSTEM32\CRYPT32.dll
[0727/000436:ERROR:process_reader_win.cc(232)] ReadMemory at 0x76b00000 of 64 bytes failed: Only part of a ReadProcessMemory or WriteProcessMemory request was completed. (0x12B)
[0727/000436:WARNING:pe_image_reader.cc(280)] could not read dos header from C:\Windows\SYSTEM32\WINTRUST.dll
[0727/000436:ERROR:process_reader_win.cc(232)] ReadMemory at 0x72e40000 of 64 bytes failed: Only part of a ReadProcessMemory or WriteProcessMemory request was completed. (0x12B)
[0727/000436:WARNING:pe_image_reader.cc(280)] could not read dos header from C:\Windows\SYSTEM32\Secur32.dll
[0727/000436:ERROR:process_reader_win.cc(232)] ReadMemory at 0x62600000 of 64 bytes failed: Only part of a ReadProcessMemory or WriteProcessMemory request was completed. (0x12B)
[0727/000436:WARNING:pe_image_reader.cc(280)] could not read dos header from C:\Program Files (x86)\Google\Chrome\Application\51.0.2704.103\chrome_child.dll
[0727/000436:ERROR:process_reader_win.cc(232)] ReadMemory at 0x717c0000 of 64 bytes failed: Only part of a ReadProcessMemory or WriteProcessMemory request was completed. (0x12B)
[0727/000436:WARNING:pe_image_reader.cc(280)] could not read dos header from C:\Program Files\AVAST Software\Avast\aswJsFlt.dll
[0727/000436:ERROR:process_reader_win.cc(232)] ReadMemory at 0x73c90000 of 64 bytes failed: Only part of a ReadProcessMemory or WriteProcessMemory request was completed. (0x12B)
[0727/000436:WARNING:pe_image_reader.cc(280)] could not read dos header from C:\Windows\WinSxS\x86_avast.vc110.crt_2036b14a11e83e4a_11.0.60610.1_none_1d37a43bbfe1dc9c\MSVCR110.dll
[0727/000436:ERROR:process_reader_win.cc(232)] ReadMemory at 0x73900000 of 64 bytes failed: Only part of a ReadProcessMemory or WriteProcessMemory request was completed. (0x12B)
[0727/000436:WARNING:pe_image_reader.cc(280)] could not read dos header from C:\PROGRA~1\AVASTS~1\Avast\aswCmnIS.dll
[0727/000436:ERROR:process_reader_win.cc(232)] ReadMemory at 0x73d70000 of 64 bytes failed: Only part of a ReadProcessMemory or WriteProcessMemory request was completed. (0x12B)
[0727/000436:WARNING:pe_image_reader.cc(280)] could not read dos header from C:\Windows\WinSxS\x86_avast.vc110.crt_2036b14a11e83e4a_11.0.60610.1_none_1d37a43bbfe1dc9c\MSVCP110.dll
[0727/000436:ERROR:process_reader_win.cc(232)] ReadMemory at 0x73830000 of 64 bytes failed: Only part of a ReadProcessMemory or WriteProcessMemory request was completed. (0x12B)
[0727/000436:WARNING:pe_image_reader.cc(280)] could not read dos header from C:\PROGRA~1\AVASTS~1\Avast\aswCmnOS.dll
[0727/000436:ERROR:process_reader_win.cc(232)] ReadMemory at 0x742e0000 of 64 bytes failed: Only part of a ReadProcessMemory or WriteProcessMemory request was completed. (0x12B)
[0727/000436:WARNING:pe_image_reader.cc(280)] could not read dos header from C:\PROGRA~1\AVASTS~1\Avast\aswCmnBS.dll
[0727/000436:ERROR:process_reader_win.cc(232)] ReadMemory at 0x73f90000 of 64 bytes failed: Only part of a ReadProcessMemory or WriteProcessMemory request was completed. (0x12B)
[0727/000436:WARNING:pe_image_reader.cc(280)] could not read dos header from C:\Windows\SYSTEM32\netutils.dll
[0727/000436:ERROR:process_reader_win.cc(232)] ReadMemory at 0x730a0000 of 64 bytes failed: Only part of a ReadProcessMemory or WriteProcessMemory request was completed. (0x12B)
[0727/000436:WARNING:pe_image_reader.cc(280)] could not read dos header from C:\Windows\SYSTEM32\srvcli.dll
[0727/000436:ERROR:process_reader_win.cc(232)] ReadMemory at 0x73960000 of 64 bytes failed: Only part of a ReadProcessMemory or WriteProcessMemory request was completed. (0x12B)
[0727/000436:WARNING:pe_image_reader.cc(280)] could not read dos header from C:\Windows\SYSTEM32\wkscli.dll
[0727/000436:ERROR:process_reader_win.cc(232)] ReadMemory at 0x73870000 of 64 bytes failed: Only part of a ReadProcessMemory or WriteProcessMemory request was completed. (0x12B)
[0727/000436:WARNING:pe_image_reader.cc(280)] could not read dos header from C:\Windows\SYSTEM32\NETAPI32.dll
[0727/000436:ERROR:process_reader_win.cc(232)] ReadMemory at 0x742a0000 of 64 bytes failed: Only part of a ReadProcessMemory or WriteProcessMemory request was completed. (0x12B)
[0727/000436:WARNING:pe_image_reader.cc(280)] could not read dos header from C:\PROGRA~1\AVASTS~1\Avast\log.dll
[0727/000436:ERROR:process_reader_win.cc(232)] ReadMemory at 0x74510000 of 64 bytes failed: Only part of a ReadProcessMemory or WriteProcessMemory request was completed. (0x12B)
[0727/000436:WARNING:pe_image_reader.cc(280)] could not read dos header from C:\Windows\SYSTEM32\DNSAPI.dll
[0727/000436:ERROR:process_reader_win.cc(232)] ReadMemory at 0x73600000 of 64 bytes failed: Only part of a ReadProcessMemory or WriteProcessMemory request was completed. (0x12B)
[0727/000436:WARNING:pe_image_reader.cc(280)] could not read dos header from C:\PROGRA~1\AVASTS~1\Avast\commchannel.dll
[0727/000436:ERROR:process_reader_win.cc(232)] ReadMemory at 0x73e10000 of 64 bytes failed: Only part of a ReadProcessMemory or WriteProcessMemory request was completed. (0x12B)
[0727/000436:WARNING:pe_image_reader.cc(280)] could not read dos header from C:\PROGRA~1\AVASTS~1\Avast\JsonRpcServer.dll
[0727/000436:ERROR:process_reader_win.cc(232)] ReadMemory at 0x743f0000 of 64 bytes failed: Only part of a ReadProcessMemory or WriteProcessMemory request was completed. (0x12B)
[0727/000436:WARNING:pe_image_reader.cc(280)] could not read dos header from C:\Windows\SYSTEM32\rasman.dll
[0727/000436:ERROR:process_reader_win.cc(232)] ReadMemory at 0x74450000 of 64 bytes failed: Only part of a ReadProcessMemory or WriteProcessMemory request was completed. (0x12B)
[0727/000436:WARNING:pe_image_reader.cc(280)] could not read dos header from C:\Windows\SYSTEM32\RASAPI32.dll
[0727/000436:ERROR:process_reader_win.cc(232)] ReadMemory at 0x74870000 of 64 bytes failed: Only part of a ReadProcessMemory or WriteProcessMemory request was completed. (0x12B)
[0727/000436:WARNING:pe_image_reader.cc(280)] could not read dos header from C:\PROGRA~1\AVASTS~1\Avast\avastIP.dll
[0727/000436:ERROR:process_reader_win.cc(232)] ReadMemory at 0x74850000 of 64 bytes failed: Only part of a ReadProcessMemory or WriteProcessMemory request was completed. (0x12B)
[0727/000436:WARNING:pe_image_reader.cc(280)] could not read dos header from C:\PROGRA~1\AVASTS~1\Avast\aswEngLdr.dll
[0727/000436:ERROR:process_reader_win.cc(232)] ReadMemory at 0x73160000 of 64 bytes failed: Only part of a ReadProcessMemory or WriteProcessMemory request was completed. (0x12B)
[0727/000436:WARNING:pe_image_reader.cc(280)] could not read dos header from C:\PROGRA~1\AVASTS~1\Avast\AavmRpch.dll
[0727/000436:ERROR:process_reader_win.cc(232)] ReadMemory at 0x73e00000 of 64 bytes failed: Only part of a ReadProcessMemory or WriteProcessMemory request was completed. (0x12B)
[0727/000436:WARNING:pe_image_reader.cc(280)] could not read dos header from C:\Windows\SYSTEM32\WSOCK32.dll
[0727/000436:ERROR:process_reader_win.cc(232)] ReadMemory at 0x75210000 of 64 bytes failed: Only part of a ReadProcessMemory or WriteProcessMemory request was completed. (0x12B)
[0727/000436:WARNING:pe_image_reader.cc(280)] could not read dos header from C:\Windows\SYSTEM32\SETUPAPI.dll
[0727/000436:ERROR:process_reader_win.cc(232)] ReadMemory at 0x74060000 of 64 bytes failed: Only part of a ReadProcessMemory or WriteProcessMemory request was completed. (0x12B)
[0727/000436:WARNING:pe_image_reader.cc(280)] could not read dos header from C:\Windows\SYSTEM32\iertutil.dll
[0727/000436:ERROR:process_reader_win.cc(232)] ReadMemory at 0x74630000 of 64 bytes failed: Only part of a ReadProcessMemory or WriteProcessMemory request was completed. (0x12B)
[0727/000436:WARNING:pe_image_reader.cc(280)] could not read dos header from C:\Windows\SYSTEM32\WININET.dll
[0727/000436:ERROR:process_reader_win.cc(232)] ReadMemory at 0x73e80000 of 64 bytes failed: Only part of a ReadProcessMemory or WriteProcessMemory request was completed. (0x12B)
[0727/000436:WARNING:pe_image_reader.cc(280)] could not read dos header from C:\PROGRA~1\AVASTS~1\Avast\ashBase.dll
[0727/000436:ERROR:process_reader_win.cc(232)] ReadMemory at 0x731b0000 of 64 bytes failed: Only part of a ReadProcessMemory or WriteProcessMemory request was completed. (0x12B)
[0727/000436:WARNING:pe_image_reader.cc(280)] could not read dos header from C:\PROGRA~1\AVASTS~1\Avast\aswAux.dll
[0727/000436:ERROR:process_reader_win.cc(232)] ReadMemory at 0x73890000 of 64 bytes failed: Only part of a ReadProcessMemory or WriteProcessMemory request was completed. (0x12B)
[0727/000436:WARNING:pe_image_reader.cc(280)] could not read dos header from C:\PROGRA~1\AVASTS~1\Avast\ashTask.dll
[0727/000436:ERROR:process_reader_win.cc(232)] ReadMemory at 0x73320000 of 64 bytes failed: Only part of a ReadProcessMemory or WriteProcessMemory request was completed. (0x12B)
[0727/000436:WARNING:pe_image_reader.cc(280)] could not read dos header from C:\PROGRA~1\AVASTS~1\Avast\Aavm4h.dll
[0727/000436:ERROR:process_reader_win.cc(232)] ReadMemory at 0x6d190000 of 64 bytes failed: Only part of a ReadProcessMemory or WriteProcessMemory request was completed. (0x12B)
[0727/000436:WARNING:pe_image_reader.cc(280)] could not read dos header from C:\Windows\SYSTEM32\dwrite.dll
[0727/000436:ERROR:process_reader_win.cc(232)] ReadMemory at 0xb5c374 of 12 bytes failed: Only part of a ReadProcessMemory or WriteProcessMemory request was completed. (0x12B)
[0727/000436:WARNING:process_snapshot_win.cc(102)] ReadMemory ExceptionInformation failed
[0727/000436:WARNING:crash_report_exception_handler.cc(60)] ProcessSnapshotWin::InitializeException failed
[0727/000436:ERROR:scoped_process_suspend.cc(38)] NtResumeProcess, ntstatus=-1073741558
[0801/124146:ERROR:process_info.cc(608)] range at 0xfe8b8000, size 0x230 fully unreadable
[0801/124146:ERROR:process_info.cc(608)] range at 0xfe8bf000, size 0xf84 fully unreadable
[0801/124146:ERROR:process_info.cc(608)] range at 0xfe8bb000, size 0xf84 fully unreadable
[0801/124146:ERROR:process_info.cc(608)] range at 0xfe8b7000, size 0xf84 fully unreadable
[0801/124146:ERROR:process_info.cc(608)] range at 0xfe78f000, size 0xf84 fully unreadable
[0801/124146:ERROR:process_info.cc(608)] range at 0xfe783000, size 0xf84 fully unreadable
